10:29:08.061 [main] ERROR com.example.testJol.TestJol - [,] - 没有 hashCode
10:29:08.625 [main] DEBUG com.example.testJol.TestJol - [,] - com.example.testJol.Tlock object internals:
 OFFSET  SIZE   TYPE DESCRIPTION                               VALUE
      0     4        (object header)                           01 00 00 00 (00000001 00000000 00000000 00000000) (1)
      4     4        (object header)                           00 00 00 00 (00000000 00000000 00000000 00000000) (0)
      8     4        (object header)                           ab fa 02 f8 (10101011 11111010 00000010 11111000) (-134022485)
     12     4    int Tlock.a                                   0
Instance size: 16 bytes
Space losses: 0 bytes internal + 0 bytes external = 0 bytes total

10:29:08.625 [main] ERROR com.example.testJol.TestJol - [,] - 调用了 hashCode
10:29:08.625 [main] INFO  com.example.testJol.TestJol - [,] - 4ac3c60d
10:29:08.626 [main] DEBUG com.example.testJol.TestJol - [,] - com.example.testJol.Tlock object internals:
 OFFSET  SIZE   TYPE DESCRIPTION                               VALUE
      0     4        (object header)                           01 0d c6 c3 (00000001 00001101 11000110 11000011) (-1010430719)
      4     4        (object header)                           4a 00 00 00 (01001010 00000000 00000000 00000000) (74)
      8     4        (object header)                           ab fa 02 f8 (10101011 11111010 00000010 11111000) (-134022485)
     12     4    int Tlock.a                                   0
Instance size: 16 bytes
Space losses: 0 bytes internal + 0 bytes external = 0 bytes total

10:29:08.627 [main] DEBUG com.example.testJol.TestJol - [,] - com.example.testJol.Tlock object internals:
 OFFSET  SIZE   TYPE DESCRIPTION                               VALUE
      0     4        (object header)                           98 69 f1 04 (10011000 01101001 11110001 00000100) (82930072)
      4     4        (object header)                           00 70 00 00 (00000000 01110000 00000000 00000000) (28672)
      8     4        (object header)                           ab fa 02 f8 (10101011 11111010 00000010 11111000) (-134022485)
     12     4    int Tlock.a                                   0
Instance size: 16 bytes
Space losses: 0 bytes internal + 0 bytes external = 0 bytes total

