10:25:45.486 [main] DEBUG com.lock.SyncTest - [main,22] - com.shadow.test.L object internals:
 OFFSET  SIZE   TYPE DESCRIPTION                               VALUE
      0     4        (object header)                           05 00 00 00 (00000101 00000000 00000000 00000000) (5)
      4     4        (object header)                           00 00 00 00 (00000000 00000000 00000000 00000000) (0)
      8     4        (object header)                           ba ac 01 f8 (10111010 10101100 00000001 11111000) (-134107974)
     12     4        (loss due to the next object alignment)
Instance size: 16 bytes
Space losses: 0 bytes internal + 4 bytes external = 4 bytes total

10:25:45.489 [main] DEBUG com.lock.SyncTest - [main,23] - 3a883ce7
10:25:45.490 [main] DEBUG com.lock.SyncTest - [main,24] - com.shadow.test.L object internals:
 OFFSET  SIZE   TYPE DESCRIPTION                               VALUE
      0     4        (object header)                           01 e7 3c 88 (00000001 11100111 00111100 10001000) (-2009274623)
      4     4        (object header)                           3a 00 00 00 (00111010 00000000 00000000 00000000) (58)
      8     4        (object header)                           ba ac 01 f8 (10111010 10101100 00000001 11111000) (-134107974)
     12     4        (loss due to the next object alignment)
Instance size: 16 bytes
Space losses: 0 bytes internal + 4 bytes external = 4 bytes total

10:25:45.492 [t1] DEBUG com.lock.SyncTest - [lambda$main$0,27] - com.shadow.test.L object internals:
 OFFSET  SIZE   TYPE DESCRIPTION                               VALUE
      0     4        (object header)                           10 e9 8b 0c (00010000 11101001 10001011 00001100) (210495760)
      4     4        (object header)                           00 70 00 00 (00000000 01110000 00000000 00000000) (28672)
      8     4        (object header)                           ba ac 01 f8 (10111010 10101100 00000001 11111000) (-134107974)
     12     4        (loss due to the next object alignment)
Instance size: 16 bytes
Space losses: 0 bytes internal + 4 bytes external = 4 bytes total

10:28:45.033 [main] DEBUG com.lock.SyncTest - [main,23] - com.shadow.test.L object internals:
 OFFSET  SIZE   TYPE DESCRIPTION                               VALUE
      0     4        (object header)                           05 00 00 00 (00000101 00000000 00000000 00000000) (5)
      4     4        (object header)                           00 00 00 00 (00000000 00000000 00000000 00000000) (0)
      8     4        (object header)                           bf ac 01 f8 (10111111 10101100 00000001 11111000) (-134107969)
     12     4        (loss due to the next object alignment)
Instance size: 16 bytes
Space losses: 0 bytes internal + 4 bytes external = 4 bytes total

10:28:45.038 [main] DEBUG com.lock.SyncTest - [main,26] - com.shadow.test.L object internals:
 OFFSET  SIZE   TYPE DESCRIPTION                               VALUE
      0     4        (object header)                           05 00 00 00 (00000101 00000000 00000000 00000000) (5)
      4     4        (object header)                           00 00 00 00 (00000000 00000000 00000000 00000000) (0)
      8     4        (object header)                           bf ac 01 f8 (10111111 10101100 00000001 11111000) (-134107969)
     12     4        (loss due to the next object alignment)
Instance size: 16 bytes
Space losses: 0 bytes internal + 4 bytes external = 4 bytes total

10:28:45.041 [t1] DEBUG com.lock.SyncTest - [lambda$main$0,31] - com.shadow.test.L object internals:
 OFFSET  SIZE   TYPE DESCRIPTION                               VALUE
      0     4        (object header)                           05 d0 9c a5 (00000101 11010000 10011100 10100101) (-1516449787)
      4     4        (object header)                           ee 7f 00 00 (11101110 01111111 00000000 00000000) (32750)
      8     4        (object header)                           bf ac 01 f8 (10111111 10101100 00000001 11111000) (-134107969)
     12     4        (loss due to the next object alignment)
Instance size: 16 bytes
Space losses: 0 bytes internal + 4 bytes external = 4 bytes total

